Archive member included because of file (symbol)

c:/freescale/kds_v3/toolchain/bin/../lib/gcc/arm-none-eabi/4.8.4/../../../../arm-none-eabi/lib/armv6-m\libm.a(lib_a-w_log10.o)
                              ./Sources/UART.o (log10)
c:/freescale/kds_v3/toolchain/bin/../lib/gcc/arm-none-eabi/4.8.4/../../../../arm-none-eabi/lib/armv6-m\libm.a(lib_a-e_log10.o)
                              c:/freescale/kds_v3/toolchain/bin/../lib/gcc/arm-none-eabi/4.8.4/../../../../arm-none-eabi/lib/armv6-m\libm.a(lib_a-w_log10.o) (__ieee754_log10)
c:/freescale/kds_v3/toolchain/bin/../lib/gcc/arm-none-eabi/4.8.4/../../../../arm-none-eabi/lib/armv6-m\libm.a(lib_a-s_fpclassify.o)
                              c:/freescale/kds_v3/toolchain/bin/../lib/gcc/arm-none-eabi/4.8.4/../../../../arm-none-eabi/lib/armv6-m\libm.a(lib_a-w_log10.o) (__fpclassifyd)
c:/freescale/kds_v3/toolchain/bin/../lib/gcc/arm-none-eabi/4.8.4/../../../../arm-none-eabi/lib/armv6-m\libm.a(lib_a-s_lib_ver.o)
                              c:/freescale/kds_v3/toolchain/bin/../lib/gcc/arm-none-eabi/4.8.4/../../../../arm-none-eabi/lib/armv6-m\libm.a(lib_a-w_log10.o) (__fdlib_version)
c:/freescale/kds_v3/toolchain/bin/../lib/gcc/arm-none-eabi/4.8.4/../../../../arm-none-eabi/lib/armv6-m\libm.a(lib_a-s_matherr.o)
                              c:/freescale/kds_v3/toolchain/bin/../lib/gcc/arm-none-eabi/4.8.4/../../../../arm-none-eabi/lib/armv6-m\libm.a(lib_a-w_log10.o) (matherr)
c:/freescale/kds_v3/toolchain/bin/../lib/gcc/arm-none-eabi/4.8.4/../../../../arm-none-eabi/lib/armv6-m\libm.a(lib_a-s_nan.o)
                              c:/freescale/kds_v3/toolchain/bin/../lib/gcc/arm-none-eabi/4.8.4/../../../../arm-none-eabi/lib/armv6-m\libm.a(lib_a-w_log10.o) (nan)
c:/freescale/kds_v3/toolchain/bin/../lib/gcc/arm-none-eabi/4.8.4/../../../../arm-none-eabi/lib/armv6-m\libm.a(lib_a-e_log.o)
                              c:/freescale/kds_v3/toolchain/bin/../lib/gcc/arm-none-eabi/4.8.4/../../../../arm-none-eabi/lib/armv6-m\libm.a(lib_a-e_log10.o) (__ieee754_log)
c:/freescale/kds_v3/toolchain/bin/../lib/gcc/arm-none-eabi/4.8.4/armv6-m\libgcc.a(_udivsi3.o)
                              ./Sources/DistanceMeasure.o (__aeabi_uidiv)
c:/freescale/kds_v3/toolchain/bin/../lib/gcc/arm-none-eabi/4.8.4/armv6-m\libgcc.a(_divsi3.o)
                              ./Sources/UART.o (__aeabi_idiv)
c:/freescale/kds_v3/toolchain/bin/../lib/gcc/arm-none-eabi/4.8.4/armv6-m\libgcc.a(_dvmd_tls.o)
                              c:/freescale/kds_v3/toolchain/bin/../lib/gcc/arm-none-eabi/4.8.4/armv6-m\libgcc.a(_udivsi3.o) (__aeabi_idiv0)
c:/freescale/kds_v3/toolchain/bin/../lib/gcc/arm-none-eabi/4.8.4/armv6-m\libgcc.a(_arm_cmpdf2.o)
                              c:/freescale/kds_v3/toolchain/bin/../lib/gcc/arm-none-eabi/4.8.4/../../../../arm-none-eabi/lib/armv6-m\libm.a(lib_a-w_log10.o) (__aeabi_dcmpeq)
c:/freescale/kds_v3/toolchain/bin/../lib/gcc/arm-none-eabi/4.8.4/armv6-m\libgcc.a(_arm_cmpsf2.o)
                              ./Generated_Code/UTIL1.o (__aeabi_fcmplt)
c:/freescale/kds_v3/toolchain/bin/../lib/gcc/arm-none-eabi/4.8.4/armv6-m\libgcc.a(_fixunssfsi.o)
                              ./Generated_Code/UTIL1.o (__aeabi_f2uiz)
c:/freescale/kds_v3/toolchain/bin/../lib/gcc/arm-none-eabi/4.8.4/armv6-m\libgcc.a(_fixunsdfsi.o)
                              ./Sources/DistanceMeasure.o (__aeabi_d2uiz)
c:/freescale/kds_v3/toolchain/bin/../lib/gcc/arm-none-eabi/4.8.4/armv6-m\libgcc.a(divsf3.o)
                              ./Sources/DistanceMeasure.o (__aeabi_fdiv)
c:/freescale/kds_v3/toolchain/bin/../lib/gcc/arm-none-eabi/4.8.4/armv6-m\libgcc.a(eqsf2.o)
                              c:/freescale/kds_v3/toolchain/bin/../lib/gcc/arm-none-eabi/4.8.4/armv6-m\libgcc.a(_arm_cmpsf2.o) (__eqsf2)
c:/freescale/kds_v3/toolchain/bin/../lib/gcc/arm-none-eabi/4.8.4/armv6-m\libgcc.a(gesf2.o)
                              c:/freescale/kds_v3/toolchain/bin/../lib/gcc/arm-none-eabi/4.8.4/armv6-m\libgcc.a(_arm_cmpsf2.o) (__gesf2)
c:/freescale/kds_v3/toolchain/bin/../lib/gcc/arm-none-eabi/4.8.4/armv6-m\libgcc.a(lesf2.o)
                              c:/freescale/kds_v3/toolchain/bin/../lib/gcc/arm-none-eabi/4.8.4/armv6-m\libgcc.a(_arm_cmpsf2.o) (__lesf2)
c:/freescale/kds_v3/toolchain/bin/../lib/gcc/arm-none-eabi/4.8.4/armv6-m\libgcc.a(mulsf3.o)
                              ./Generated_Code/UTIL1.o (__aeabi_fmul)
c:/freescale/kds_v3/toolchain/bin/../lib/gcc/arm-none-eabi/4.8.4/armv6-m\libgcc.a(subsf3.o)
                              ./Generated_Code/UTIL1.o (__aeabi_fsub)
c:/freescale/kds_v3/toolchain/bin/../lib/gcc/arm-none-eabi/4.8.4/armv6-m\libgcc.a(fixsfsi.o)
                              ./Generated_Code/UTIL1.o (__aeabi_f2iz)
c:/freescale/kds_v3/toolchain/bin/../lib/gcc/arm-none-eabi/4.8.4/armv6-m\libgcc.a(floatunsisf.o)
                              ./Sources/DistanceMeasure.o (__aeabi_ui2f)
c:/freescale/kds_v3/toolchain/bin/../lib/gcc/arm-none-eabi/4.8.4/armv6-m\libgcc.a(adddf3.o)
[...]
Memory Configuration

Name             Origin             Length             Attributes
m_interrupts     0x00000000         0x000000c0         xr
m_text           0x00000410         0x0001fbf0         xr
m_data           0x1ffff000         0x00004000         rw
m_cfmprotrom     0x00000400         0x00000010         xr
*default*        0x00000000         0xffffffff

Linker script and memory map

LOAD c:/freescale/kds_v3/toolchain/bin/../lib/gcc/arm-none-eabi/4.8.4/armv6-m/crti.o
LOAD c:/freescale/kds_v3/toolchain/bin/../lib/gcc/arm-none-eabi/4.8.4/armv6-m/crtbegin.o
LOAD c:/freescale/kds_v3/toolchain/bin/../lib/gcc/arm-none-eabi/4.8.4/../../../../arm-none-eabi/lib/armv6-m/crt0.o
LOAD ./Sources/DistanceMeasure.o
LOAD ./Sources/Events.o
LOAD ./Sources/UART.o
LOAD ./Sources/main.o
LOAD ./Sources/sa_mtb.o
LOAD ./Project_Settings/Startup_Code/startup.o
LOAD ./Generated_Code/AS1.o
LOAD ./Generated_Code/BitIoLdd1.o
LOAD ./Generated_Code/BitIoLdd2.o
LOAD ./Generated_Code/BitIoLdd3.o
LOAD ./Generated_Code/CS1.o
LOAD ./Generated_Code/Cpu.o
LOAD ./Generated_Code/LEDB.o
LOAD ./Generated_Code/LEDG.o
LOAD ./Generated_Code/LEDR.o
LOAD ./Generated_Code/LEDpin1.o
LOAD ./Generated_Code/LEDpin2.o
LOAD ./Generated_Code/LEDpin3.o
LOAD ./Generated_Code/MCUC1.o
LOAD ./Generated_Code/PE_LDD.o
LOAD ./Generated_Code/RxBuf.o
LOAD ./Generated_Code/TRIG.o
LOAD ./Generated_Code/TU1.o
LOAD ./Generated_Code/UTIL1.o
LOAD ./Generated_Code/Vectors.o
LOAD ./Generated_Code/WAIT1.o
LOAD c:/freescale/kds_v3/toolchain/bin/../lib/gcc/arm-none-eabi/4.8.4/../../../../arm-none-eabi/lib/armv6-m\libstdc++_s.a
LOAD c:/freescale/kds_v3/toolchain/bin/../lib/gcc/arm-none-eabi/4.8.4/../../../../arm-none-eabi/lib/armv6-m\libm.a
START GROUP
LOAD c:/freescale/kds_v3/toolchain/bin/../lib/gcc/arm-none-eabi/4.8.4/armv6-m\libgcc.a
LOAD c:/freescale/kds_v3/toolchain/bin/../lib/gcc/arm-none-eabi/4.8.4/../../../../arm-none-eabi/lib/armv6-m\libg_s.a
LOAD c:/freescale/kds_v3/toolchain/bin/../lib/gcc/arm-none-eabi/4.8.4/../../../../arm-none-eabi/lib/armv6-m\libc_s.a
END GROUP
START GROUP
LOAD c:/freescale/kds_v3/toolchain/bin/../lib/gcc/arm-none-eabi/4.8.4/armv6-m\libgcc.a
LOAD c:/freescale/kds_v3/toolchain/bin/../lib/gcc/arm-none-eabi/4.8.4/../../../../arm-none-eabi/lib/armv6-m\libc_s.a
LOAD c:/freescale/kds_v3/toolchain/bin/../lib/gcc/arm-none-eabi/4.8.4/../../../../arm-none-eabi/lib/armv6-m\libnosys.a
END GROUP
START GROUP
LOAD c:/freescale/kds_v3/toolchain/bin/../lib/gcc/arm-none-eabi/4.8.4/armv6-m\libgcc.a
LOAD c:/freescale/kds_v3/toolchain/bin/../lib/gcc/arm-none-eabi/4.8.4/../../../../arm-none-eabi/lib/armv6-m\libc_s.a
LOAD c:/freescale/kds_v3/toolchain/bin/../lib/gcc/arm-none-eabi/4.8.4/../../../../arm-none-eabi/lib/armv6-m\libnosys.a
END GROUP
LOAD c:/freescale/kds_v3/toolchain/bin/../lib/gcc/arm-none-eabi/4.8.4/armv6-m/crtend.o
LOAD c:/freescale/kds_v3/toolchain/bin/../lib/gcc/arm-none-eabi/4.8.4/armv6-m/crtn.o
                0x20003000                _estack = 0x20003000
                0x20003000                __SP_INIT = _estack
                0x20003000                __stack = _estack
                0x00000000                __heap_size = 0x0
                0x00000400                __stack_size = 0x400

.interrupts     0x00000000       0xc0
                0x00000000                __vector_table = .
                0x00000000                . = ALIGN (0x4)
 *(.vectortable)
 .vectortable   0x00000000       0xc0 ./Generated_Code/Vectors.o
                0x00000000                __vect_table
                0x000000c0                . = ALIGN (0x4)

.cfmprotect     0x00000400       0x10
                0x00000400                . = ALIGN (0x4)
 *(.cfmconfig)
 .cfmconfig     0x00000400       0x10 ./Generated_Code/Cpu.o
                0x00000400                _cfm
                0x00000410                . = ALIGN (0x4)

.text           0x00000410     0x3984
                0x00000410                . = ALIGN (0x4)
 *(.text)
 .text          0x00000410       0x60 c:/freescale/kds_v3/toolchain/bin/../lib/gcc/arm-none-eabi/4.8.4/armv6-m/crtbegin.o
 .text          0x00000470       0x78 c:/freescale/kds_v3/toolchain/bin/../lib/gcc/arm-none-eabi/4.8.4/../../../../arm-none-eabi/lib/armv6-m/crt0.o
                0x00000470                _start
                0x00000470                _mainCRTStartup
 .text          0x000004e8       0x9c c:/freescale/kds_v3/toolchain/bin/../lib/gcc/arm-none-eabi/4.8.4/armv6-m\libgcc.a(_udivsi3.o)
                0x000004e8                __aeabi_uidiv
                0x000004e8                __udivsi3
                0x00000570                __aeabi_uidivmod
 .text          0x00000584        0x4 c:/freescale/kds_v3/toolchain/bin/../lib/gcc/arm-none-eabi/4.8.4/armv6-m\libgcc.a(_dvmd_tls.o)
                0x00000584                __aeabi_idiv0
                0x00000584                __aeabi_ldiv0
 .text          0x00000588       0x7c c:/freescale/kds_v3/toolchain/bin/../lib/gcc/arm-none-eabi/4.8.4/armv6-m\libgcc.a(_arm_cmpdf2.o)
                0x00000588                __aeabi_cdrcmple
                0x00000598                __aeabi_cdcmple
                0x00000598                __aeabi_cdcmpeq
                0x000005a8                __aeabi_dcmpeq
                0x000005b4                __aeabi_dcmplt
                0x000005c8                __aeabi_dcmple
                0x000005dc                __aeabi_dcmpgt
                0x000005f0                __aeabi_dcmpge
 *fill*         0x00000604        0x4 
 .text          0x00000608       0x40 c:/freescale/kds_v3/toolchain/bin/../lib/gcc/arm-none-eabi/4.8.4/armv6-m\libgcc.a(_fixunsdfsi.o)
                0x00000608                __aeabi_d2uiz
                0x00000608                __fixunsdfsi
 .text          0x00000648      0x24c c:/freescale/kds_v3/toolchain/bin/../lib/gcc/arm-none-eabi/4.8.4/armv6-m\libgcc.a(divsf3.o)
                0x00000648                __aeabi_fdiv
 .text          0x00000894       0xa0 c:/freescale/kds_v3/toolchain/bin/../lib/gcc/arm-none-eabi/4.8.4/armv6-m\libgcc.a(floatunsisf.o)
                0x00000894                __aeabi_ui2f
 .text          0x00000934      0x648 c:/freescale/kds_v3/toolchain/bin/../lib/gcc/arm-none-eabi/4.8.4/armv6-m\libgcc.a(divdf3.o)
                0x00000934                __aeabi_ddiv
 .text          0x00000f7c       0x94 c:/freescale/kds_v3/toolchain/bin/../lib/gcc/arm-none-eabi/4.8.4/armv6-m\libgcc.a(eqdf2.o)
                0x00000f7c                __nedf2
                0x00000f7c                __eqdf2
 .text          0x00001010       0xfc c:/freescale/kds_v3/toolchain/bin/../lib/gcc/arm-none-eabi/4.8.4/armv6-m\libgcc.a(gedf2.o)
                0x00001010                __gedf2
                0x00001010                __gtdf2
 .text          0x0000110c       0xfc c:/freescale/kds_v3/toolchain/bin/../lib/gcc/arm-none-eabi/4.8.4/armv6-m\libgcc.a(ledf2.o)
                0x0000110c                __ledf2
                0x0000110c                __ltdf2
 .text          0x00001208      0x520 c:/freescale/kds_v3/toolchain/bin/../lib/gcc/arm-none-eabi/4.8.4/armv6-m\libgcc.a(muldf3.o)
                0x00001208                __aeabi_dmul
 .text          0x00001728      0x668 c:/freescale/kds_v3/toolchain/bin/../lib/gcc/arm-none-eabi/4.8.4/armv6-m\libgcc.a(subdf3.o)
                0x00001728                __aeabi_dsub
 .text          0x00001d90       0x68 c:/freescale/kds_v3/toolchain/bin/../lib/gcc/arm-none-eabi/4.8.4/armv6-m\libgcc.a(fixdfsi.o)
                0x00001d90                __aeabi_d2iz
 .text          0x00001df8       0xa4 c:/freescale/kds_v3/toolchain/bin/../lib/gcc/arm-none-eabi/4.8.4/armv6-m\libgcc.a(extendsfdf2.o)
                0x00001df8                __aeabi_f2d
 .text          0x00001e9c       0x3c c:/freescale/kds_v3/toolchain/bin/../lib/gcc/arm-none-eabi/4.8.4/armv6-m\libgcc.a(_clzsi2.o)
                0x00001e9c                __clzsi2
 *(.text*)
 .text.US_EventEchoOverflow
                0x00001ed8       0x18 ./Sources/DistanceMeasure.o
                0x00001ed8                US_EventEchoOverflow
 .text.US_EventEchoCapture
                0x00001ef0       0x50 ./Sources/DistanceMeasure.o
                0x00001ef0                US_EventEchoCapture
 .text.US_usToCentimeters
                0x00001f40       0x80 ./Sources/DistanceMeasure.o
                0x00001f40                US_usToCentimeters
 .text.US_Measure_us
                0x00001fc0       0x74 ./Sources/DistanceMeasure.o
                0x00001fc0                US_Measure_us
 .text.US_Init  0x00002034       0x34 ./Sources/DistanceMeasure.o
                0x00002034                US_Init
 .text.Cpu_OnNMIINT
                0x00002068        0x8 ./Sources/Events.o
                0x00002068                Cpu_OnNMIINT
 .text.TU1_OnCounterRestart
                0x00002070       0x18 ./Sources/Events.o
                0x00002070                TU1_OnCounterRestart
 .text.TU1_OnChannel0
                0x00002088       0x18 ./Sources/Events.o
                0x00002088                TU1_OnChannel0
 .text.AS1_OnBlockReceived
                0x000020a0       0x30 ./Sources/Events.o
                0x000020a0                AS1_OnBlockReceived
 .text.AS1_OnBlockSent
                0x000020d0       0x18 ./Sources/Events.o
                0x000020d0                AS1_OnBlockSent
 .text.SendChar
                0x000020e8       0x40 ./Sources/UART.o
 .text.SendString
                0x00002128       0x2c ./Sources/UART.o
 .text.Init     0x00002154       0x50 ./Sources/UART.o
 .text.APP_Run  0x000021a4       0x50 ./Sources/UART.o
                0x000021a4                APP_Run
 .text.Measure  0x000021f4       0xe0 ./Sources/main.o
 .text.main     0x000022d4       0x18 ./Sources/main.o
                0x000022d4                main
 .text.__copy_rom_section
                0x000022ec       0xd8 ./Project_Settings/Startup_Code/startup.o
                0x000022ec                __copy_rom_section
 .text.__copy_rom_sections_to_ram
                0x000023c4       0x98 ./Project_Settings/Startup_Code/startup.o
                0x000023c4                __copy_rom_sections_to_ram
 .text.__init_registers
                0x0000245c        0x8 ./Project_Settings/Startup_Code/startup.o
                0x0000245c                __init_registers
 .text.__init_user
                0x00002464        0x8 ./Project_Settings/Startup_Code/startup.o
                0x00002464                __init_user
 .text.__thumb_startup
                0x0000246c       0x30 ./Project_Settings/Startup_Code/startup.o
                0x0000246c                __thumb_startup
 .text.AS1_Init
                0x0000249c      0x1b0 ./Generated_Code/AS1.o
                0x0000249c                AS1_Init
 .text.AS1_ReceiveBlock
                0x0000264c       0x98 ./Generated_Code/AS1.o
                0x0000264c                AS1_ReceiveBlock
 .text.AS1_SendBlock
                0x000026e4       0xc4 ./Generated_Code/AS1.o
                0x000026e4                AS1_SendBlock
 .text.InterruptRx
                0x000027a8       0x58 ./Generated_Code/AS1.o
 .text.InterruptTx
                0x00002800       0x80 ./Generated_Code/AS1.o
 .text.AS1_Interrupt
                0x00002880       0x64 ./Generated_Code/AS1.o
                0x00002880                AS1_Interrupt
 .text.BitIoLdd1_Init
                0x000028e4       0x68 ./Generated_Code/BitIoLdd1.o
                0x000028e4                BitIoLdd1_Init
 .text.BitIoLdd1_ClrVal
                0x0000294c       0x1c ./Generated_Code/BitIoLdd1.o
                0x0000294c                BitIoLdd1_ClrVal
 .text.BitIoLdd1_SetVal
                0x00002968       0x1c ./Generated_Code/BitIoLdd1.o
                0x00002968                BitIoLdd1_SetVal
 .text.BitIoLdd2_Init
                0x00002984       0x68 ./Generated_Code/BitIoLdd2.o
                0x00002984                BitIoLdd2_Init
 .text.BitIoLdd2_ClrVal
                0x000029ec       0x1c ./Generated_Code/BitIoLdd2.o
                0x000029ec                BitIoLdd2_ClrVal
 .text.BitIoLdd2_SetVal
                0x00002a08       0x1c ./Generated_Code/BitIoLdd2.o
                0x00002a08                BitIoLdd2_SetVal
 .text.BitIoLdd3_Init
                0x00002a24       0x60 ./Generated_Code/BitIoLdd3.o
                0x00002a24                BitIoLdd3_Init
 .text.BitIoLdd3_ClrVal
                0x00002a84       0x18 ./Generated_Code/BitIoLdd3.o
                0x00002a84                BitIoLdd3_ClrVal
 .text.BitIoLdd3_SetVal
                0x00002a9c       0x18 ./Generated_Code/BitIoLdd3.o
                0x00002a9c                BitIoLdd3_SetVal
 .text.Cpu_INT_NMIInterrupt
                0x00002ab4        0xc ./Generated_Code/Cpu.o
                0x00002ab4                Cpu_INT_NMIInterrupt
 .text.Cpu_Interrupt
                0x00002ac0        0xc ./Generated_Code/Cpu.o
                0x00002ac0                Cpu_Interrupt
 .text.__init_hardware
                0x00002acc      0x110 ./Generated_Code/Cpu.o
                0x00002acc                __init_hardware
 .text.PE_low_level_init
                0x00002bdc       0xf0 ./Generated_Code/Cpu.o
                0x00002bdc                PE_low_level_init
 .text.LEDB_Init
                0x00002ccc       0x18 ./Generated_Code/LEDB.o
                0x00002ccc                LEDB_Init
 .text.LEDG_Init
                0x00002ce4       0x18 ./Generated_Code/LEDG.o
                0x00002ce4                LEDG_Init
 .text.LEDR_Init
                0x00002cfc       0x18 ./Generated_Code/LEDR.o
                0x00002cfc                LEDR_Init
 .text.RxBuf_Put
                0x00002d14       0x88 ./Generated_Code/RxBuf.o
                0x00002d14                RxBuf_Put
 .text.RxBuf_Init
                0x00002d9c       0x28 ./Generated_Code/RxBuf.o
                0x00002d9c                RxBuf_Init
 .text.TRIG_Init
                0x00002dc4       0x68 ./Generated_Code/TRIG.o
                0x00002dc4                TRIG_Init
 .text.TRIG_ClrVal
                0x00002e2c       0x1c ./Generated_Code/TRIG.o
                0x00002e2c                TRIG_ClrVal
 .text.TRIG_SetVal
                0x00002e48       0x1c ./Generated_Code/TRIG.o
                0x00002e48                TRIG_SetVal
 .text.TU1_Init
                0x00002e64       0xe4 ./Generated_Code/TU1.o
                0x00002e64                TU1_Init
 .text.TU1_ResetCounter
                0x00002f48       0x1c ./Generated_Code/TU1.o
                0x00002f48                TU1_ResetCounter
 .text.TU1_GetCaptureValue
                0x00002f64       0x48 ./Generated_Code/TU1.o
                0x00002f64                TU1_GetCaptureValue
 .text.TU1_Interrupt
                0x00002fac       0xa8 ./Generated_Code/TU1.o
                0x00002fac                TU1_Interrupt
 .text.UTIL1_Num16uToStr
                0x00003054      0x130 ./Generated_Code/UTIL1.o
                0x00003054                UTIL1_Num16uToStr
 .text.ShiftRightAndFill
                0x00003184       0xe4 ./Generated_Code/UTIL1.o
 .text.UTIL1_Num16uToStrFormatted
                0x00003268       0x44 ./Generated_Code/UTIL1.o
                0x00003268                UTIL1_Num16uToStrFormatted
 .text.WAIT1_Wait10Cycles
                0x000032ac        0x8 ./Generated_Code/WAIT1.o
                0x000032ac                WAIT1_Wait10Cycles
 .text.WAIT1_Wait100Cycles
                0x000032b4       0x24 ./Generated_Code/WAIT1.o
                0x000032b4                WAIT1_Wait100Cycles
 .text.WAIT1_WaitCycles
                0x000032d8       0x44 ./Generated_Code/WAIT1.o
                0x000032d8                WAIT1_WaitCycles
 .text.WAIT1_WaitLongCycles
                0x0000331c       0x3c ./Generated_Code/WAIT1.o
                0x0000331c                WAIT1_WaitLongCycles
 .text.WAIT1_Waitms
                0x00003358       0x38 ./Generated_Code/WAIT1.o
                0x00003358                WAIT1_Waitms
 .text.WAIT1_Init
                0x00003390        0x8 ./Generated_Code/WAIT1.o
                0x00003390                WAIT1_Init
 .text.exit     0x00003398       0x2c c:/freescale/kds_v3/toolchain/bin/../lib/gcc/arm-none-eabi/4.8.4/../../../../arm-none-eabi/lib/armv6-m\libg_s.a(lib_a-exit.o)
                0x00003398                exit
 .text.__libc_init_array
                0x000033c4       0x4c c:/freescale/kds_v3/toolchain/bin/../lib/gcc/arm-none-eabi/4.8.4/../../../../arm-none-eabi/lib/armv6-m\libg_s.a(lib_a-init.o)
                0x000033c4                __libc_init_array
 .text.memset   0x00003410       0x10 c:/freescale/kds_v3/toolchain/bin/../lib/gcc/arm-none-eabi/4.8.4/../../../../arm-none-eabi/lib/armv6-m\libg_s.a(lib_a-memset.o)
                0x00003410                memset
 .text._malloc_r
                0x00003420       0xa8 c:/freescale/kds_v3/toolchain/bin/../lib/gcc/arm-none-eabi/4.8.4/../../../../arm-none-eabi/lib/armv6-m\libg_s.a(lib_a-nano-mallocr.o)
                0x00003420                _malloc_r
 .text._sbrk_r  0x000034c8       0x24 c:/freescale/kds_v3/toolchain/bin/../lib/gcc/arm-none-eabi/4.8.4/../../../../arm-none-eabi/lib/armv6-m\libg_s.a(lib_a-sbrkr.o)
                0x000034c8                _sbrk_r
 .text.sprintf  0x000034ec       0x44 c:/freescale/kds_v3/toolchain/bin/../lib/gcc/arm-none-eabi/4.8.4/../../../../arm-none-eabi/lib/armv6-m\libg_s.a(lib_a-sprintf.o)
                0x000034ec                siprintf
                0x000034ec                sprintf
 .text.strlen   0x00003530        0xe c:/freescale/kds_v3/toolchain/bin/../lib/gcc/arm-none-eabi/4.8.4/../../../../arm-none-eabi/lib/armv6-m\libg_s.a(lib_a-strlen.o)
                0x00003530                strlen
 *fill*         0x0000353e        0x2 
 .text.__ssputs_r
                0x00003540       0xc0 c:/freescale/kds_v3/toolchain/bin/../lib/gcc/arm-none-eabi/4.8.4/../../../../arm-none-eabi/lib/armv6-m\libg_s.a(lib_a-svfprintf.o)
                0x00003540                __ssputs_r
 .text._svfprintf_r
                0x00003600      0x1e0 c:/freescale/kds_v3/toolchain/bin/../lib/gcc/arm-none-eabi/4.8.4/../../../../arm-none-eabi/lib/armv6-m\libg_s.a(lib_a-svfprintf.o)
                0x00003600                _svfiprintf_r
                0x00003600                _svfprintf_r
 .text._printf_common
                0x000037e0       0xe8 c:/freescale/kds_v3/toolchain/bin/../lib/gcc/arm-none-eabi/4.8.4/../../../../arm-none-eabi/lib/armv6-m\libg_s.a(lib_a-vfprintf_i.o)
                0x000037e0                _printf_common
 .text._printf_i
                0x000038c8      0x22c c:/freescale/kds_v3/toolchain/bin/../lib/gcc/arm-none-eabi/4.8.4/../../../../arm-none-eabi/lib/armv6-m\libg_s.a(lib_a-vfprintf_i.o)
                0x000038c8                _printf_i
 .text.memchr   0x00003af4       0x16 c:/freescale/kds_v3/toolchain/bin/../lib/gcc/arm-none-eabi/4.8.4/../../../../arm-none-eabi/lib/armv6-m\libg_s.a(lib_a-memchr-stub.o)
                0x00003af4                memchr
 .text.memcpy   0x00003b0a       0x12 c:/freescale/kds_v3/toolchain/bin/../lib/gcc/arm-none-eabi/4.8.4/../../../../arm-none-eabi/lib/armv6-m\libg_s.a(lib_a-memcpy-stub.o)
                0x00003b0a                memcpy
 .text.memmove  0x00003b1c       0x32 c:/freescale/kds_v3/toolchain/bin/../lib/gcc/arm-none-eabi/4.8.4/../../../../arm-none-eabi/lib/armv6-m\libg_s.a(lib_a-memmove.o)
                0x00003b1c                memmove
 *fill*         0x00003b4e        0x2 
 .text._free_r  0x00003b50       0x90 c:/freescale/kds_v3/toolchain/bin/../lib/gcc/arm-none-eabi/4.8.4/../../../../arm-none-eabi/lib/armv6-m\libg_s.a(lib_a-nano-freer.o)
                0x00003b50                _free_r
 .text._realloc_r
                0x00003be0       0x4c c:/freescale/kds_v3/toolchain/bin/../lib/gcc/arm-none-eabi/4.8.4/../../../../arm-none-eabi/lib/armv6-m\libg_s.a(lib_a-nano-reallocr.o)
                0x00003be0                _realloc_r
 .text._malloc_usable_size_r
                0x00003c2c       0x12 c:/freescale/kds_v3/toolchain/bin/../lib/gcc/arm-none-eabi/4.8.4/../../../../arm-none-eabi/lib/armv6-m\libg_s.a(lib_a-nano-msizer.o)
                0x00003c2c                _malloc_usable_size_r
 *fill*         0x00003c3e        0x2 
 .text._sbrk    0x00003c40       0x34 c:/freescale/kds_v3/toolchain/bin/../lib/gcc/arm-none-eabi/4.8.4/../../../../arm-none-eabi/lib/armv6-m\libnosys.a(sbrk.o)
                0x00003c40                _sbrk
 .text._exit    0x00003c74        0x4 c:/freescale/kds_v3/toolchain/bin/../lib/gcc/arm-none-eabi/4.8.4/../../../../arm-none-eabi/lib/armv6-m\libnosys.a(_exit.o)
                0x00003c74                _exit
 *(.rodata)
 .rodata        0x00003c78        0x8 ./Sources/UART.o
 .rodata        0x00003c80       0x40 c:/freescale/kds_v3/toolchain/bin/../lib/gcc/arm-none-eabi/4.8.4/armv6-m\libgcc.a(divsf3.o)
 .rodata        0x00003cc0       0x40 c:/freescale/kds_v3/toolchain/bin/../lib/gcc/arm-none-eabi/4.8.4/armv6-m\libgcc.a(divdf3.o)
 .rodata        0x00003d00       0x40 c:/freescale/kds_v3/toolchain/bin/../lib/gcc/arm-none-eabi/4.8.4/armv6-m\libgcc.a(muldf3.o)
 *(.rodata*)
 .rodata.str1.1
                0x00003d40        0x2 c:/freescale/kds_v3/toolchain/bin/../lib/gcc/arm-none-eabi/4.8.4/../../../../arm-none-eabi/lib/armv6-m\libg_s.a(lib_a-impure.o)
 *fill*         0x00003d42        0x2 
 .rodata._global_impure_ptr
                0x00003d44        0x4 c:/freescale/kds_v3/toolchain/bin/../lib/gcc/arm-none-eabi/4.8.4/../../../../arm-none-eabi/lib/armv6-m\libg_s.a(lib_a-impure.o)
                0x00003d44                _global_impure_ptr
 .rodata.str1.1
                0x00003d48       0x11 c:/freescale/kds_v3/toolchain/bin/../lib/gcc/arm-none-eabi/4.8.4/../../../../arm-none-eabi/lib/armv6-m\libg_s.a(lib_a-svfprintf.o)
 .rodata.str1.1
                0x00003d59       0x22 c:/freescale/kds_v3/toolchain/bin/../lib/gcc/arm-none-eabi/4.8.4/../../../../arm-none-eabi/lib/armv6-m\libg_s.a(lib_a-vfprintf_i.o)
 *(.glue_7)
 .glue_7        0x00000000        0x0 linker stubs
 *(.glue_7t)
 .glue_7t       0x00000000        0x0 linker stubs
 *(.eh_frame)
 *fill*         0x00003d7b        0x1 
 .eh_frame      0x00003d7c        0x0 c:/freescale/kds_v3/toolchain/bin/../lib/gcc/arm-none-eabi/4.8.4/armv6-m/crtbegin.o
 *(.init)
 .init          0x00003d7c        0x4 c:/freescale/kds_v3/toolchain/bin/../lib/gcc/arm-none-eabi/4.8.4/armv6-m/crti.o
                0x00003d7c                _init
 .init          0x00003d80        0x8 c:/freescale/kds_v3/toolchain/bin/../lib/gcc/arm-none-eabi/4.8.4/armv6-m/crtn.o
 *(.fini)
 .fini          0x00003d88        0x4 c:/freescale/kds_v3/toolchain/bin/../lib/gcc/arm-none-eabi/4.8.4/armv6-m/crti.o
                0x00003d88                _fini
 .fini          0x00003d8c        0x8 c:/freescale/kds_v3/toolchain/bin/../lib/gcc/arm-none-eabi/4.8.4/armv6-m/crtn.o
                0x00003d94                . = ALIGN (0x4)
                0x00003d94                _etext = .

.vfp11_veneer   0x00003d94        0x0
 .vfp11_veneer  0x00000000        0x0 linker stubs

.v4_bx          0x00003d94        0x0
 .v4_bx         0x00000000        0x0 linker stubs

.iplt           0x00003d94        0x0
 .iplt          0x00000000        0x0 c:/freescale/kds_v3/toolchain/bin/../lib/gcc/arm-none-eabi/4.8.4/armv6-m/crtbegin.o

.ARM.extab
 *(.ARM.extab* .gnu.linkonce.armextab.*)

.ARM            0x00003d94        0x8
                0x00003d94                __exidx_start = .
 *(.ARM.exidx*)
 .ARM.exidx     0x00003d94        0x8 c:/freescale/kds_v3/toolchain/bin/../lib/gcc/arm-none-eabi/4.8.4/../../../../arm-none-eabi/lib/armv6-m/crt0.o
                0x00003d9c                __exidx_end = .

.rel.dyn        0x00003d9c        0x0
 .rel.iplt      0x00000000        0x0 c:/freescale/kds_v3/toolchain/bin/../lib/gcc/arm-none-eabi/4.8.4/armv6-m/crtbegin.o

.ctors          0x00003d9c        0x0
                0x00003d9c                __CTOR_LIST__ = .
 *crtbegin.o(.ctors)
 *(EXCLUDE_FILE(*crtend.o) .ctors)
 *(SORT(.ctors.*))
 *(.ctors)
                0x00003d9c                __CTOR_END__ = .

.dtors          0x00003d9c        0x0
                0x00003d9c                __DTOR_LIST__ = .
 *crtbegin.o(.dtors)
 *(EXCLUDE_FILE(*crtend.o) .dtors)
 *(SORT(.dtors.*))
 *(.dtors)
                0x00003d9c                __DTOR_END__ = .

.preinit_array  0x00003d9c        0x0
                0x00003d9c                PROVIDE (__preinit_array_start, .)
 *(.preinit_array*)
                0x00003d9c                PROVIDE (__preinit_array_end, .)

.init_array     0x00003d9c        0x4
                0x00003d9c                PROVIDE (__init_array_start, .)
 *(SORT(.init_array.*))
 *(.init_array*)
 .init_array    0x00003d9c        0x4 c:/freescale/kds_v3/toolchain/bin/../lib/gcc/arm-none-eabi/4.8.4/armv6-m/crtbegin.o
                0x00003da0                PROVIDE (__init_array_end, .)

.fini_array     0x00003da0        0x4
                0x00003da0                PROVIDE (__fini_array_start, .)
 *(SORT(.fini_array.*))
 *(.fini_array*)
 .fini_array    0x00003da0        0x4 c:/freescale/kds_v3/toolchain/bin/../lib/gcc/arm-none-eabi/4.8.4/armv6-m/crtbegin.o
                0x00003da4                PROVIDE (__fini_array_end, .)
                0x00003da4                ___ROM_AT = .

.mtb            0x1ffff000        0x0
                0x1ffff000                . = ALIGN (0x8)
                0x1ffff000                _mtb_start = .
 *(.mtb_buf)
                0x1ffff000                . = ALIGN (0x8)
                0x1ffff000                _mtb_end = .

.data           0x1ffff000       0x64 load address 0x00003da4
                0x1ffff000                . = ALIGN (0x4)
                0x1ffff000                _sdata = .
 *(.data)
 *(.data*)
 .data.impure_data
                0x1ffff000       0x60 c:/freescale/kds_v3/toolchain/bin/../lib/gcc/arm-none-eabi/4.8.4/../../../../arm-none-eabi/lib/armv6-m\libg_s.a(lib_a-impure.o)
 .data._impure_ptr
                0x1ffff060        0x4 c:/freescale/kds_v3/toolchain/bin/../lib/gcc/arm-none-eabi/4.8.4/../../../../arm-none-eabi/lib/armv6-m\libg_s.a(lib_a-impure.o)
                0x1ffff060                _impure_ptr
                0x1ffff064                . = ALIGN (0x4)
                0x1ffff064                _edata = .
                0x00000064                ___data_size = (_edata - _sdata)

.jcr            0x1ffff064        0x0 load address 0x00003e08
 .jcr           0x1ffff064        0x0 c:/freescale/kds_v3/toolchain/bin/../lib/gcc/arm-none-eabi/4.8.4/armv6-m/crtbegin.o

.igot.plt       0x1ffff064        0x0 load address 0x00003e08
 .igot.plt      0x00000000        0x0 c:/freescale/kds_v3/toolchain/bin/../lib/gcc/arm-none-eabi/4.8.4/armv6-m/crtbegin.o
                0x1ffff064                . = ALIGN (0x4)

.bss            0x1ffff064       0xe4 load address 0x00003e08
                0x1ffff064                __START_BSS = .
                0x1ffff064                PROVIDE (__bss_start__, __START_BSS)
 *(.bss)
 .bss           0x1ffff064       0x1c c:/freescale/kds_v3/toolchain/bin/../lib/gcc/arm-none-eabi/4.8.4/armv6-m/crtbegin.o
 *(.bss*)
 .bss.usDevice  0x1ffff080       0x10 ./Sources/DistanceMeasure.o
 .bss.deviceData
                0x1ffff090        0xc ./Sources/UART.o
 .bss.DeviceDataPrv__DEFAULT_RTOS_ALLOC
                0x1ffff09c       0x18 ./Generated_Code/AS1.o
 .bss.INT_UART0__DEFAULT_RTOS_ISRPARAM
                0x1ffff0b4        0x4 ./Generated_Code/AS1.o
 .bss.DeviceDataPrv__DEFAULT_RTOS_ALLOC
                0x1ffff0b8        0x4 ./Generated_Code/BitIoLdd1.o
 .bss.DeviceDataPrv__DEFAULT_RTOS_ALLOC
                0x1ffff0bc        0x4 ./Generated_Code/BitIoLdd2.o
 .bss.DeviceDataPrv__DEFAULT_RTOS_ALLOC
                0x1ffff0c0        0x4 ./Generated_Code/BitIoLdd3.o
 .bss.SR_lock   0x1ffff0c4        0x1 ./Generated_Code/Cpu.o
                0x1ffff0c4                SR_lock
 *fill*         0x1ffff0c5        0x3 
 .bss.PE_LDD_DeviceDataList
                0x1ffff0c8       0x18 ./Generated_Code/PE_LDD.o
                0x1ffff0c8                PE_LDD_DeviceDataList
 .bss.RxBuf_buffer
                0x1ffff0e0       0x40 ./Generated_Code/RxBuf.o
 .bss.RxBuf_inIdx
                0x1ffff120        0x1 ./Generated_Code/RxBuf.o
 .bss.RxBuf_outIdx
                0x1ffff121        0x1 ./Generated_Code/RxBuf.o
 .bss.RxBuf_inSize
                0x1ffff122        0x1 ./Generated_Code/RxBuf.o
 *fill*         0x1ffff123        0x1 
 .bss.DeviceDataPrv__DEFAULT_RTOS_ALLOC
                0x1ffff124        0x4 ./Generated_Code/TRIG.o
 .bss.DeviceDataPrv__DEFAULT_RTOS_ALLOC
                0x1ffff128        0x8 ./Generated_Code/TU1.o
 .bss.INT_TPM0__DEFAULT_RTOS_ISRPARAM
                0x1ffff130        0x4 ./Generated_Code/TU1.o
 .bss.__malloc_sbrk_start
                0x1ffff134        0x4 c:/freescale/kds_v3/toolchain/bin/../lib/gcc/arm-none-eabi/4.8.4/../../../../arm-none-eabi/lib/armv6-m\libg_s.a(lib_a-nano-mallocr.o)
                0x1ffff134                __malloc_sbrk_start
 .bss.__malloc_free_list
                0x1ffff138        0x4 c:/freescale/kds_v3/toolchain/bin/../lib/gcc/arm-none-eabi/4.8.4/../../../../arm-none-eabi/lib/armv6-m\libg_s.a(lib_a-nano-mallocr.o)
                0x1ffff138                __malloc_free_list
 .bss.heap_end.4246
                0x1ffff13c        0x4 c:/freescale/kds_v3/toolchain/bin/../lib/gcc/arm-none-eabi/4.8.4/../../../../arm-none-eabi/lib/armv6-m\libnosys.a(sbrk.o)
 *(COMMON)
 COMMON         0x1ffff140        0x1 ./Generated_Code/Cpu.o
                0x1ffff140                SR_reg
 *fill*         0x1ffff141        0x3 
 COMMON         0x1ffff144        0x4 c:/freescale/kds_v3/toolchain/bin/../lib/gcc/arm-none-eabi/4.8.4/../../../../arm-none-eabi/lib/armv6-m\libg_s.a(lib_a-reent.o)
                0x1ffff144                errno
                0x1ffff148                . = ALIGN (0x4)
                0x1ffff148                __END_BSS = .
                0x1ffff148                PROVIDE (__bss_end__, __END_BSS)
                0x00003e08                _romp_at = (___ROM_AT + SIZEOF (.data))

.romp           0x1ffff148       0x18 load address 0x00003e08
                0x00003e08                __S_romp = _romp_at
                0x1ffff148        0x4 LONG 0x3da4 ___ROM_AT
                0x1ffff14c        0x4 LONG 0x1ffff000 _sdata
                0x1ffff150        0x4 LONG 0x64 ___data_size
                0x1ffff154        0x4 LONG 0x0
                0x1ffff158        0x4 LONG 0x0
                0x1ffff15c        0x4 LONG 0x0
                0x00020000                text_end = (ORIGIN (m_text) + 0x1fbf0)
                0x00003e20                data_init_end = ((___ROM_AT + SIZEOF (.data)) + SIZEOF (.romp))
                0x00000001                ASSERT ((data_init_end <= text_end), region m_text overflowed with text and data)

._user_heap_stack
                0x1ffff160      0x400 load address 0x00003e20
                0x1ffff160                . = ALIGN (0x4)
                0x1ffff160                PROVIDE (end, .)
                0x1ffff160                PROVIDE (_end, .)
                0x1ffff160                PROVIDE (__end__, .)
                0x1ffff160                __heap_addr = .
                0x1ffff160                __HeapBase = .
                0x1ffff160                . = (. + __heap_size)
                0x1ffff160                __HeapLimit = .
                0x1ffff560                . = (. + __stack_size)
 *fill*         0x1ffff160      0x400 
                0x1ffff560                . = ALIGN (0x4)

.ARM.attributes
                0x00000000       0x28
 *(.ARM.attributes)
 .ARM.attributes
                0x00000000       0x1e c:/freescale/kds_v3/toolchain/bin/../lib/gcc/arm-none-eabi/4.8.4/armv6-m/crti.o
 .ARM.attributes
                0x0000001e       0x2c c:/freescale/kds_v3/toolchain/bin/../lib/gcc/arm-none-eabi/4.8.4/armv6-m/crtbegin.o
 .ARM.attributes
                0x0000004a       0x1b c:/freescale/kds_v3/toolchain/bin/../lib/gcc/arm-none-eabi/4.8.4/../../../../arm-none-eabi/lib/armv6-m/crt0.o
 .ARM.attributes
                0x00000065       0x32 ./Sources/DistanceMeasure.o
 .ARM.attributes
                0x00000097       0x32 ./Sources/Events.o
 .ARM.attributes
                0x000000c9       0x32 ./Sources/UART.o
 .ARM.attributes
                0x000000fb       0x32 ./Sources/main.o
 .ARM.attributes
                0x0000012d       0x32 ./Project_Settings/Startup_Code/startup.o
 .ARM.attributes
                0x0000015f       0x32 ./Generated_Code/AS1.o
 .ARM.attributes
                0x00000191       0x32 ./Generated_Code/BitIoLdd1.o
 .ARM.attributes
                0x000001c3       0x32 ./Generated_Code/BitIoLdd2.o
 .ARM.attributes
                0x000001f5       0x32 ./Generated_Code/BitIoLdd3.o
 .ARM.attributes
                0x00000227       0x32 ./Generated_Code/Cpu.o
 .ARM.attributes
                0x00000259       0x32 ./Generated_Code/LEDB.o
 .ARM.attributes
                0x0000028b       0x32 ./Generated_Code/LEDG.o
 .ARM.attributes
                0x000002bd       0x32 ./Generated_Code/LEDR.o
 .ARM.attributes
                0x000002ef       0x32 ./Generated_Code/PE_LDD.o
 .ARM.attributes
                0x00000321       0x32 ./Generated_Code/RxBuf.o
 .ARM.attributes
                0x00000353       0x32 ./Generated_Code/TRIG.o
 .ARM.attributes
                0x00000385       0x32 ./Generated_Code/TU1.o
 .ARM.attributes
                0x000003b7       0x32 ./Generated_Code/UTIL1.o
 .ARM.attributes
                0x000003e9       0x32 ./Generated_Code/Vectors.o
 .ARM.attributes
                0x0000041b       0x32 ./Generated_Code/WAIT1.o
 .ARM.attributes
                0x0000044d       0x1e c:/freescale/kds_v3/toolchain/bin/../lib/gcc/arm-none-eabi/4.8.4/armv6-m\libgcc.a(_udivsi3.o)
 .ARM.attributes
                0x0000046b       0x1e c:/freescale/kds_v3/toolchain/bin/../lib/gcc/arm-none-eabi/4.8.4/armv6-m\libgcc.a(_dvmd_tls.o)
 .ARM.attributes
                0x00000489       0x1e c:/freescale/kds_v3/toolchain/bin/../lib/gcc/arm-none-eabi/4.8.4/armv6-m\libgcc.a(_arm_cmpdf2.o)
 .ARM.attributes
                0x000004a7       0x2c c:/freescale/kds_v3/toolchain/bin/../lib/gcc/arm-none-eabi/4.8.4/armv6-m\libgcc.a(_fixunsdfsi.o)
 .ARM.attributes
                0x000004d3       0x2c c:/freescale/kds_v3/toolchain/bin/../lib/gcc/arm-none-eabi/4.8.4/armv6-m\libgcc.a(divsf3.o)
 .ARM.attributes
                0x000004ff       0x2c c:/freescale/kds_v3/toolchain/bin/../lib/gcc/arm-none-eabi/4.8.4/armv6-m\libgcc.a(floatunsisf.o)
 .ARM.attributes
                0x0000052b       0x2c c:/freescale/kds_v3/toolchain/bin/../lib/gcc/arm-none-eabi/4.8.4/armv6-m\libgcc.a(divdf3.o)
 .ARM.attributes
                0x00000557       0x2c c:/freescale/kds_v3/toolchain/bin/../lib/gcc/arm-none-eabi/4.8.4/armv6-m\libgcc.a(eqdf2.o)
 .ARM.attributes
                0x00000583       0x2c c:/freescale/kds_v3/toolchain/bin/../lib/gcc/arm-none-eabi/4.8.4/armv6-m\libgcc.a(gedf2.o)
 .ARM.attributes
                0x000005af       0x2c c:/freescale/kds_v3/toolchain/bin/../lib/gcc/arm-none-eabi/4.8.4/armv6-m\libgcc.a(ledf2.o)
 .ARM.attributes
                0x000005db       0x2c c:/freescale/kds_v3/toolchain/bin/../lib/gcc/arm-none-eabi/4.8.4/armv6-m\libgcc.a(muldf3.o)
 .ARM.attributes
                0x00000607       0x2c c:/freescale/kds_v3/toolchain/bin/../lib/gcc/arm-none-eabi/4.8.4/armv6-m\libgcc.a(subdf3.o)
 .ARM.attributes
                0x00000633       0x2c c:/freescale/kds_v3/toolchain/bin/../lib/gcc/arm-none-eabi/4.8.4/armv6-m\libgcc.a(fixdfsi.o)
 .ARM.attributes
                0x0000065f       0x2c c:/freescale/kds_v3/toolchain/bin/../lib/gcc/arm-none-eabi/4.8.4/armv6-m\libgcc.a(extendsfdf2.o)
 .ARM.attributes
                0x0000068b       0x1e c:/freescale/kds_v3/toolchain/bin/../lib/gcc/arm-none-eabi/4.8.4/armv6-m\libgcc.a(_clzsi2.o)
 .ARM.attributes
                0x000006a9       0x2c c:/freescale/kds_v3/toolchain/bin/../lib/gcc/arm-none-eabi/4.8.4/../../../../arm-none-eabi/lib/armv6-m\libg_s.a(lib_a-exit.o)
 .ARM.attributes
                0x000006d5       0x2c c:/freescale/kds_v3/toolchain/bin/../lib/gcc/arm-none-eabi/4.8.4/../../../../arm-none-eabi/lib/armv6-m\libg_s.a(lib_a-impure.o)
 .ARM.attributes
                0x00000701       0x2c c:/freescale/kds_v3/toolchain/bin/../lib/gcc/arm-none-eabi/4.8.4/../../../../arm-none-eabi/lib/armv6-m\libg_s.a(lib_a-init.o)
 .ARM.attributes
                0x0000072d       0x2c c:/freescale/kds_v3/toolchain/bin/../lib/gcc/arm-none-eabi/4.8.4/../../../../arm-none-eabi/lib/armv6-m\libg_s.a(lib_a-memset.o)
 .ARM.attributes
                0x00000759       0x2c c:/freescale/kds_v3/toolchain/bin/../lib/gcc/arm-none-eabi/4.8.4/../../../../arm-none-eabi/lib/armv6-m\libg_s.a(lib_a-nano-mallocr.o)
 .ARM.attributes
                0x00000785       0x2c c:/freescale/kds_v3/toolchain/bin/../lib/gcc/arm-none-eabi/4.8.4/../../../../arm-none-eabi/lib/armv6-m\libg_s.a(lib_a-sbrkr.o)
 .ARM.attributes
                0x000007b1       0x2c c:/freescale/kds_v3/toolchain/bin/../lib/gcc/arm-none-eabi/4.8.4/../../../../arm-none-eabi/lib/armv6-m\libg_s.a(lib_a-sprintf.o)
 .ARM.attributes
                0x000007dd       0x2c c:/freescale/kds_v3/toolchain/bin/../lib/gcc/arm-none-eabi/4.8.4/../../../../arm-none-eabi/lib/armv6-m\libg_s.a(lib_a-strlen.o)
 .ARM.attributes
                0x00000809       0x2c c:/freescale/kds_v3/toolchain/bin/../lib/gcc/arm-none-eabi/4.8.4/../../../../arm-none-eabi/lib/armv6-m\libg_s.a(lib_a-svfprintf.o)
 .ARM.attributes
                0x00000835       0x2c c:/freescale/kds_v3/toolchain/bin/../lib/gcc/arm-none-eabi/4.8.4/../../../../arm-none-eabi/lib/armv6-m\libg_s.a(lib_a-vfprintf_i.o)
 .ARM.attributes
                0x00000861       0x2c c:/freescale/kds_v3/toolchain/bin/../lib/gcc/arm-none-eabi/4.8.4/../../../../arm-none-eabi/lib/armv6-m\libg_s.a(lib_a-memchr-stub.o)
 .ARM.attributes
                0x0000088d       0x2c c:/freescale/kds_v3/toolchain/bin/../lib/gcc/arm-none-eabi/4.8.4/../../../../arm-none-eabi/lib/armv6-m\libg_s.a(lib_a-memcpy-stub.o)
 .ARM.attributes
                0x000008b9       0x2c c:/freescale/kds_v3/toolchain/bin/../lib/gcc/arm-none-eabi/4.8.4/../../../../arm-none-eabi/lib/armv6-m\libg_s.a(lib_a-memmove.o)
 .ARM.attributes
                0x000008e5       0x2c c:/freescale/kds_v3/toolchain/bin/../lib/gcc/arm-none-eabi/4.8.4/../../../../arm-none-eabi/lib/armv6-m\libg_s.a(lib_a-nano-freer.o)
 .ARM.attributes
                0x00000911       0x2c c:/freescale/kds_v3/toolchain/bin/../lib/gcc/arm-none-eabi/4.8.4/../../../../arm-none-eabi/lib/armv6-m\libg_s.a(lib_a-nano-reallocr.o)
 .ARM.attributes
                0x0000093d       0x2c c:/freescale/kds_v3/toolchain/bin/../lib/gcc/arm-none-eabi/4.8.4/../../../../arm-none-eabi/lib/armv6-m\libg_s.a(lib_a-reent.o)
 .ARM.attributes
                0x00000969       0x2c c:/freescale/kds_v3/toolchain/bin/../lib/gcc/arm-none-eabi/4.8.4/../../../../arm-none-eabi/lib/armv6-m\libg_s.a(lib_a-nano-msizer.o)
 .ARM.attributes
                0x00000995       0x2c c:/freescale/kds_v3/toolchain/bin/../lib/gcc/arm-none-eabi/4.8.4/../../../../arm-none-eabi/lib/armv6-m\libnosys.a(sbrk.o)
 .ARM.attributes
                0x000009c1       0x2c c:/freescale/kds_v3/toolchain/bin/../lib/gcc/arm-none-eabi/4.8.4/../../../../arm-none-eabi/lib/armv6-m\libnosys.a(_exit.o)
 .ARM.attributes
                0x000009ed       0x1e c:/freescale/kds_v3/toolchain/bin/../lib/gcc/arm-none-eabi/4.8.4/armv6-m/crtn.o
OUTPUT(Freedom_HC_SR04_mit_UART.elf elf32-littlearm)

.debug_info     0x00000000     0x5532
 .debug_info    0x00000000      0x286 ./Sources/DistanceMeasure.o
 .debug_info    0x00000286      0x1d9 ./Sources/Events.o
 .debug_info    0x0000045f      0x282 ./Sources/UART.o
 .debug_info    0x000006e1      0x144 ./Sources/main.o
 .debug_info    0x00000825      0x20a ./Project_Settings/Startup_Code/startup.o
 .debug_info    0x00000a2f      0x777 ./Generated_Code/AS1.o
 .debug_info    0x000011a6      0x372 ./Generated_Code/BitIoLdd1.o
 .debug_info    0x00001518      0x372 ./Generated_Code/BitIoLdd2.o
 .debug_info    0x0000188a      0x372 ./Generated_Code/BitIoLdd3.o
 .debug_info    0x00001bfc      0x842 ./Generated_Code/Cpu.o
 .debug_info    0x0000243e      0x104 ./Generated_Code/LEDB.o
 .debug_info    0x00002542      0x104 ./Generated_Code/LEDG.o
 .debug_info    0x00002646      0x104 ./Generated_Code/LEDR.o
 .debug_info    0x0000274a      0x251 ./Generated_Code/PE_LDD.o
 .debug_info    0x0000299b      0x3f6 ./Generated_Code/RxBuf.o
 .debug_info    0x00002d91      0x3a6 ./Generated_Code/TRIG.o
 .debug_info    0x00003137      0x720 ./Generated_Code/TU1.o
 .debug_info    0x00003857     0x1a5d ./Generated_Code/UTIL1.o
 .debug_info    0x000052b4      0x10e ./Generated_Code/Vectors.o
 .debug_info    0x000053c2      0x170 ./Generated_Code/WAIT1.o

.debug_abbrev   0x00000000     0x1732
 .debug_abbrev  0x00000000      0x136 ./Sources/DistanceMeasure.o
 .debug_abbrev  0x00000136       0xeb ./Sources/Events.o
 .debug_abbrev  0x00000221      0x16b ./Sources/UART.o
 .debug_abbrev  0x0000038c       0xcd ./Sources/main.o
 .debug_abbrev  0x00000459      0x11e ./Project_Settings/Startup_Code/startup.o
 .debug_abbrev  0x00000577      0x1b8 ./Generated_Code/AS1.o
 .debug_abbrev  0x0000072f      0x127 ./Generated_Code/BitIoLdd1.o
 .debug_abbrev  0x00000856      0x127 ./Generated_Code/BitIoLdd2.o
 .debug_abbrev  0x0000097d      0x127 ./Generated_Code/BitIoLdd3.o
 .debug_abbrev  0x00000aa4      0x14f ./Generated_Code/Cpu.o
 .debug_abbrev  0x00000bf3       0xc6 ./Generated_Code/LEDB.o
 .debug_abbrev  0x00000cb9       0xc6 ./Generated_Code/LEDG.o
 .debug_abbrev  0x00000d7f       0xc6 ./Generated_Code/LEDR.o
 .debug_abbrev  0x00000e45      0x10d ./Generated_Code/PE_LDD.o
 .debug_abbrev  0x00000f52      0x189 ./Generated_Code/RxBuf.o
 .debug_abbrev  0x000010db      0x15f ./Generated_Code/TRIG.o
 .debug_abbrev  0x0000123a      0x1ef ./Generated_Code/TU1.o
 .debug_abbrev  0x00001429      0x1b4 ./Generated_Code/UTIL1.o
 .debug_abbrev  0x000015dd       0xa4 ./Generated_Code/Vectors.o
 .debug_abbrev  0x00001681       0xb1 ./Generated_Code/WAIT1.o

.debug_aranges  0x00000000      0x6e8
 .debug_aranges
                0x00000000       0x48 ./Sources/DistanceMeasure.o
 .debug_aranges
                0x00000048       0x40 ./Sources/Events.o
 .debug_aranges
                0x00000088       0x40 ./Sources/UART.o
 .debug_aranges
                0x000000c8       0x28 ./Sources/main.o
 .debug_aranges
                0x000000f0       0x50 ./Project_Settings/Startup_Code/startup.o
 .debug_aranges
                0x00000140       0x48 ./Generated_Code/AS1.o
 .debug_aranges
                0x00000188       0x40 ./Generated_Code/BitIoLdd1.o
 .debug_aranges
                0x000001c8       0x40 ./Generated_Code/BitIoLdd2.o
 .debug_aranges
                0x00000208       0x40 ./Generated_Code/BitIoLdd3.o
 .debug_aranges
                0x00000248       0x38 ./Generated_Code/Cpu.o
 .debug_aranges
                0x00000280       0x30 ./Generated_Code/LEDB.o
 .debug_aranges
                0x000002b0       0x30 ./Generated_Code/LEDG.o
 .debug_aranges
                0x000002e0       0x30 ./Generated_Code/LEDR.o
 .debug_aranges
                0x00000310       0x30 ./Generated_Code/PE_LDD.o
 .debug_aranges
                0x00000340       0x78 ./Generated_Code/RxBuf.o
 .debug_aranges
                0x000003b8       0x48 ./Generated_Code/TRIG.o
 .debug_aranges
                0x00000400       0x40 ./Generated_Code/TU1.o
 .debug_aranges
                0x00000440      0x240 ./Generated_Code/UTIL1.o
 .debug_aranges
                0x00000680       0x18 ./Generated_Code/Vectors.o
 .debug_aranges
                0x00000698       0x50 ./Generated_Code/WAIT1.o

.debug_ranges   0x00000000      0x5a0
 .debug_ranges  0x00000000       0x38 ./Sources/DistanceMeasure.o
 .debug_ranges  0x00000038       0x30 ./Sources/Events.o
 .debug_ranges  0x00000068       0x30 ./Sources/UART.o
 .debug_ranges  0x00000098       0x18 ./Sources/main.o
 .debug_ranges  0x000000b0       0x40 ./Project_Settings/Startup_Code/startup.o
 .debug_ranges  0x000000f0       0x38 ./Generated_Code/AS1.o
 .debug_ranges  0x00000128       0x30 ./Generated_Code/BitIoLdd1.o
 .debug_ranges  0x00000158       0x30 ./Generated_Code/BitIoLdd2.o
 .debug_ranges  0x00000188       0x30 ./Generated_Code/BitIoLdd3.o
 .debug_ranges  0x000001b8       0x28 ./Generated_Code/Cpu.o
 .debug_ranges  0x000001e0       0x20 ./Generated_Code/LEDB.o
 .debug_ranges  0x00000200       0x20 ./Generated_Code/LEDG.o
 .debug_ranges  0x00000220       0x20 ./Generated_Code/LEDR.o
 .debug_ranges  0x00000240       0x20 ./Generated_Code/PE_LDD.o
 .debug_ranges  0x00000260       0x68 ./Generated_Code/RxBuf.o
 .debug_ranges  0x000002c8       0x38 ./Generated_Code/TRIG.o
 .debug_ranges  0x00000300       0x30 ./Generated_Code/TU1.o
 .debug_ranges  0x00000330      0x230 ./Generated_Code/UTIL1.o
 .debug_ranges  0x00000560       0x40 ./Generated_Code/WAIT1.o

.debug_macro    0x00000000    0x13488
 .debug_macro   0x00000000      0x29b ./Sources/DistanceMeasure.o
 .debug_macro   0x0000029b      0x802 ./Sources/DistanceMeasure.o
 .debug_macro   0x00000a9d       0x16 ./Sources/DistanceMeasure.o
 .debug_macro   0x00000ab3       0x44 ./Sources/DistanceMeasure.o
 .debug_macro   0x00000af7      0x209 ./Sources/DistanceMeasure.o
 .debug_macro   0x00000d00     0x1592 ./Sources/DistanceMeasure.o
 .debug_macro   0x00002292      0x14e ./Sources/DistanceMeasure.o
 .debug_macro   0x000023e0       0x64 ./Sources/DistanceMeasure.o
 .debug_macro   0x00002444     0x6691 ./Sources/DistanceMeasure.o
 .debug_macro   0x00008ad5       0x94 ./Sources/DistanceMeasure.o
 .debug_macro   0x00008b69      0x12c ./Sources/DistanceMeasure.o
 .debug_macro   0x00008c95       0x9a ./Sources/DistanceMeasure.o
 .debug_macro   0x00008d2f       0x40 ./Sources/DistanceMeasure.o
 .debug_macro   0x00008d6f       0x64 ./Sources/DistanceMeasure.o
 .debug_macro   0x00008dd3       0x16 ./Sources/DistanceMeasure.o
 .debug_macro   0x00008de9       0x37 ./Sources/DistanceMeasure.o
 .debug_macro   0x00008e20       0x58 ./Sources/DistanceMeasure.o
 .debug_macro   0x00008e78       0x35 ./Sources/DistanceMeasure.o
 .debug_macro   0x00008ead       0xa3 ./Sources/DistanceMeasure.o
 .debug_macro   0x00008f50      0x166 ./Sources/DistanceMeasure.o
 .debug_macro   0x000090b6       0x52 ./Sources/DistanceMeasure.o
 .debug_macro   0x00009108       0x16 ./Sources/DistanceMeasure.o
 .debug_macro   0x0000911e       0x43 ./Sources/DistanceMeasure.o
 .debug_macro   0x00009161      0x180 ./Sources/DistanceMeasure.o
 .debug_macro   0x000092e1      0x2a6 ./Sources/DistanceMeasure.o
 .debug_macro   0x00009587       0x10 ./Sources/DistanceMeasure.o
 .debug_macro   0x00009597       0x35 ./Sources/DistanceMeasure.o
 .debug_macro   0x000095cc       0x19 ./Sources/DistanceMeasure.o
 .debug_macro   0x000095e5       0x46 ./Sources/DistanceMeasure.o
 .debug_macro   0x0000962b       0x1f ./Sources/DistanceMeasure.o
 .debug_macro   0x0000964a       0x41 ./Sources/DistanceMeasure.o
 .debug_macro   0x0000968b       0x46 ./Sources/DistanceMeasure.o
 .debug_macro   0x000096d1       0x1f ./Sources/DistanceMeasure.o
 .debug_macro   0x000096f0       0x41 ./Sources/DistanceMeasure.o
 .debug_macro   0x00009731       0x46 ./Sources/DistanceMeasure.o
 .debug_macro   0x00009777       0x1f ./Sources/DistanceMeasure.o
 .debug_macro   0x00009796       0x41 ./Sources/DistanceMeasure.o
 .debug_macro   0x000097d7      0x1dc ./Sources/DistanceMeasure.o
 .debug_macro   0x000099b3       0x6d ./Sources/DistanceMeasure.o
 .debug_macro   0x00009a20       0x50 ./Sources/DistanceMeasure.o
 .debug_macro   0x00009a70       0x1c ./Sources/DistanceMeasure.o
 .debug_macro   0x00009a8c       0x1c ./Sources/DistanceMeasure.o
 .debug_macro   0x00009aa8       0x29 ./Sources/DistanceMeasure.o
 .debug_macro   0x00009ad1      0x2f5 ./Sources/Events.o
 .debug_macro   0x00009dc6       0x94 ./Sources/Events.o
 .debug_macro   0x00009e5a      0x2e9 ./Sources/UART.o
 .debug_macro   0x0000a143       0x1c ./Sources/UART.o
 .debug_macro   0x0000a15f       0x10 ./Sources/UART.o
 .debug_macro   0x0000a16f       0x10 ./Sources/UART.o
 .debug_macro   0x0000a17f       0x22 ./Sources/UART.o
 .debug_macro   0x0000a1a1       0xbd ./Sources/UART.o
 .debug_macro   0x0000a25e       0x16 ./Sources/UART.o
 .debug_macro   0x0000a274      0x14a ./Sources/UART.o
 .debug_macro   0x0000a3be      0x2fb ./Sources/main.o
 .debug_macro   0x0000a6b9      0x121 ./Project_Settings/Startup_Code/startup.o
 .debug_macro   0x0000a7da       0x4a ./Project_Settings/Startup_Code/startup.o
 .debug_macro   0x0000a824       0x16 ./Project_Settings/Startup_Code/startup.o
 .debug_macro   0x0000a83a       0x22 ./Project_Settings/Startup_Code/startup.o
 .debug_macro   0x0000a85c       0x10 ./Project_Settings/Startup_Code/startup.o
 .debug_macro   0x0000a86c      0x20f ./Project_Settings/Startup_Code/startup.o
 .debug_macro   0x0000aa7b     0x6685 ./Project_Settings/Startup_Code/startup.o
 .debug_macro   0x00011100      0x2a4 ./Generated_Code/AS1.o
 .debug_macro   0x000113a4       0x4a ./Generated_Code/AS1.o
 .debug_macro   0x000113ee      0x303 ./Generated_Code/AS1.o
 .debug_macro   0x000116f1      0x99c ./Generated_Code/AS1.o
 .debug_macro   0x0001208d       0xa6 ./Generated_Code/BitIoLdd1.o
 .debug_macro   0x00012133       0x40 ./Generated_Code/BitIoLdd1.o
 .debug_macro   0x00012173       0xa6 ./Generated_Code/BitIoLdd2.o
 .debug_macro   0x00012219       0x40 ./Generated_Code/BitIoLdd2.o
 .debug_macro   0x00012259       0xa6 ./Generated_Code/BitIoLdd3.o
 .debug_macro   0x000122ff       0x40 ./Generated_Code/BitIoLdd3.o
 .debug_macro   0x0001233f      0x2d7 ./Generated_Code/Cpu.o
 .debug_macro   0x00012616       0xe1 ./Generated_Code/LEDB.o
 .debug_macro   0x000126f7       0xe1 ./Generated_Code/LEDG.o
 .debug_macro   0x000127d8       0xe1 ./Generated_Code/LEDR.o
 .debug_macro   0x000128b9      0x289 ./Generated_Code/PE_LDD.o
 .debug_macro   0x00012b42       0xd6 ./Generated_Code/RxBuf.o
 .debug_macro   0x00012c18       0xa6 ./Generated_Code/TRIG.o
 .debug_macro   0x00012cbe      0x2a3 ./Generated_Code/TU1.o
 .debug_macro   0x00012f61      0x1aa ./Generated_Code/UTIL1.o
 .debug_macro   0x0001310b      0x2d3 ./Generated_Code/Vectors.o
 .debug_macro   0x000133de       0xaa ./Generated_Code/WAIT1.o

.debug_line     0x00000000     0x5f0a
 .debug_line    0x00000000      0x5b2 ./Sources/DistanceMeasure.o
 .debug_line    0x000005b2      0x597 ./Sources/Events.o
 .debug_line    0x00000b49      0x5ee ./Sources/UART.o
 .debug_line    0x00001137      0x58d ./Sources/main.o
 .debug_line    0x000016c4      0x3dc ./Project_Settings/Startup_Code/startup.o
 .debug_line    0x00001aa0      0x5f8 ./Generated_Code/AS1.o
 .debug_line    0x00002098      0x2c9 ./Generated_Code/BitIoLdd1.o
 .debug_line    0x00002361      0x2c9 ./Generated_Code/BitIoLdd2.o
 .debug_line    0x0000262a      0x2ca ./Generated_Code/BitIoLdd3.o
 .debug_line    0x000028f4      0x65f ./Generated_Code/Cpu.o
 .debug_line    0x00002f53      0x2de ./Generated_Code/LEDB.o
 .debug_line    0x00003231      0x2de ./Generated_Code/LEDG.o
 .debug_line    0x0000350f      0x2de ./Generated_Code/LEDR.o
 .debug_line    0x000037ed      0x4d7 ./Generated_Code/PE_LDD.o
 .debug_line    0x00003cc4      0x377 ./Generated_Code/RxBuf.o
 .debug_line    0x0000403b      0x2d4 ./Generated_Code/TRIG.o
 .debug_line    0x0000430f      0x599 ./Generated_Code/TU1.o
 .debug_line    0x000048a8      0xda8 ./Generated_Code/UTIL1.o
 .debug_line    0x00005650      0x5ec ./Generated_Code/Vectors.o
 .debug_line    0x00005c3c      0x2ce ./Generated_Code/WAIT1.o

.debug_str      0x00000000    0x3eacf
 .debug_str     0x00000000    0x31f60 ./Sources/DistanceMeasure.o
                              0x323f6 (size before relaxing)
 .debug_str     0x00031f60       0xb7 ./Sources/Events.o
                              0x32343 (size before relaxing)
 .debug_str     0x00032017      0xa5d ./Sources/UART.o
                              0x32d22 (size before relaxing)
 .debug_str     0x00032a74       0x35 ./Sources/main.o
                              0x322cf (size before relaxing)
 .debug_str     0x00032aa9      0x1ab ./Project_Settings/Startup_Code/startup.o
                              0x27317 (size before relaxing)
 .debug_str     0x00032c54     0xab90 ./Generated_Code/AS1.o
                              0x3b094 (size before relaxing)
 .debug_str     0x0003d7e4       0xe9 ./Generated_Code/BitIoLdd1.o
                              0x2cbbd (size before relaxing)
 .debug_str     0x0003d8cd       0xa0 ./Generated_Code/BitIoLdd2.o
                              0x2cbbd (size before relaxing)
 .debug_str     0x0003d96d       0xa0 ./Generated_Code/BitIoLdd3.o
                              0x2cbb7 (size before relaxing)
 .debug_str     0x0003da0d      0x19c ./Generated_Code/Cpu.o
                              0x32563 (size before relaxing)
 .debug_str     0x0003dba9       0x45 ./Generated_Code/LEDB.o
                              0x2d0ed (size before relaxing)
 .debug_str     0x0003dbee       0x3f ./Generated_Code/LEDG.o
                              0x2d0f3 (size before relaxing)
 .debug_str     0x0003dc2d       0x3f ./Generated_Code/LEDR.o
                              0x2d0f3 (size before relaxing)
 .debug_str     0x0003dc6c      0x172 ./Generated_Code/PE_LDD.o
                              0x32417 (size before relaxing)
 .debug_str     0x0003ddde      0x1ab ./Generated_Code/RxBuf.o
                              0x2c3eb (size before relaxing)
 .debug_str     0x0003df89       0x84 ./Generated_Code/TRIG.o
                              0x2cb24 (size before relaxing)
 .debug_str     0x0003e00d      0x1c9 ./Generated_Code/TU1.o
                              0x32244 (size before relaxing)
 .debug_str     0x0003e1d6      0x841 ./Generated_Code/UTIL1.o
                              0x2edde (size before relaxing)
 .debug_str     0x0003ea17       0x1c ./Generated_Code/Vectors.o
                              0x322aa (size before relaxing)
 .debug_str     0x0003ea33       0x9c ./Generated_Code/WAIT1.o
                              0x2c3f0 (size before relaxing)

.comment        0x00000000       0x70
 .comment       0x00000000       0x70 ./Sources/DistanceMeasure.o
                                 0x71 (size before relaxing)
 .comment       0x00000000       0x71 ./Sources/Events.o
 .comment       0x00000000       0x71 ./Sources/UART.o
 .comment       0x00000000       0x71 ./Sources/main.o
 .comment       0x00000000       0x71 ./Project_Settings/Startup_Code/startup.o
 .comment       0x00000000       0x71 ./Generated_Code/AS1.o
 .comment       0x00000000       0x71 ./Generated_Code/BitIoLdd1.o
 .comment       0x00000000       0x71 ./Generated_Code/BitIoLdd2.o
 .comment       0x00000000       0x71 ./Generated_Code/BitIoLdd3.o
 .comment       0x00000000       0x71 ./Generated_Code/Cpu.o
 .comment       0x00000000       0x71 ./Generated_Code/LEDB.o
 .comment       0x00000000       0x71 ./Generated_Code/LEDG.o
 .comment       0x00000000       0x71 ./Generated_Code/LEDR.o
 .comment       0x00000000       0x71 ./Generated_Code/PE_LDD.o
 .comment       0x00000000       0x71 ./Generated_Code/RxBuf.o
 .comment       0x00000000       0x71 ./Generated_Code/TRIG.o
 .comment       0x00000000       0x71 ./Generated_Code/TU1.o
 .comment       0x00000000       0x71 ./Generated_Code/UTIL1.o
 .comment       0x00000000       0x71 ./Generated_Code/Vectors.o
 .comment       0x00000000       0x71 ./Generated_Code/WAIT1.o

.debug_frame    0x00000000     0x1a9c
 .debug_frame   0x00000000       0xcc ./Sources/DistanceMeasure.o
 .debug_frame   0x000000cc       0xac ./Sources/Events.o
 .debug_frame   0x00000178       0xac ./Sources/UART.o
 .debug_frame   0x00000224       0x4c ./Sources/main.o
 .debug_frame   0x00000270       0xd0 ./Project_Settings/Startup_Code/startup.o
 .debug_frame   0x00000340       0xd0 ./Generated_Code/AS1.o
 .debug_frame   0x00000410       0xb0 ./Generated_Code/BitIoLdd1.o
 .debug_frame   0x000004c0       0xb0 ./Generated_Code/BitIoLdd2.o
 .debug_frame   0x00000570       0xb0 ./Generated_Code/BitIoLdd3.o
 .debug_frame   0x00000620       0x80 ./Generated_Code/Cpu.o
 .debug_frame   0x000006a0       0x68 ./Generated_Code/LEDB.o
 .debug_frame   0x00000708       0x68 ./Generated_Code/LEDG.o
 .debug_frame   0x00000770       0x68 ./Generated_Code/LEDR.o
 .debug_frame   0x000007d8       0x6c ./Generated_Code/PE_LDD.o
 .debug_frame   0x00000844      0x184 ./Generated_Code/RxBuf.o
 .debug_frame   0x000009c8       0xd0 ./Generated_Code/TRIG.o
 .debug_frame   0x00000a98       0xb0 ./Generated_Code/TU1.o
 .debug_frame   0x00000b48      0x8a8 ./Generated_Code/UTIL1.o
 .debug_frame   0x000013f0       0xc8 ./Generated_Code/WAIT1.o
 .debug_frame   0x000014b8       0x20 c:/freescale/kds_v3/toolchain/bin/../lib/gcc/arm-none-eabi/4.8.4/armv6-m\libgcc.a(_udivsi3.o)
 .debug_frame   0x000014d8       0x2c c:/freescale/kds_v3/toolchain/bin/../lib/gcc/arm-none-eabi/4.8.4/armv6-m\libgcc.a(_fixunsdfsi.o)
 .debug_frame   0x00001504       0x3c c:/freescale/kds_v3/toolchain/bin/../lib/gcc/arm-none-eabi/4.8.4/armv6-m\libgcc.a(divsf3.o)
 .debug_frame   0x00001540       0x28 c:/freescale/kds_v3/toolchain/bin/../lib/gcc/arm-none-eabi/4.8.4/armv6-m\libgcc.a(floatunsisf.o)
 .debug_frame   0x00001568       0x3c c:/freescale/kds_v3/toolchain/bin/../lib/gcc/arm-none-eabi/4.8.4/armv6-m\libgcc.a(divdf3.o)
 .debug_frame   0x000015a4       0x3c c:/freescale/kds_v3/toolchain/bin/../lib/gcc/arm-none-eabi/4.8.4/armv6-m\libgcc.a(eqdf2.o)
 .debug_frame   0x000015e0       0x38 c:/freescale/kds_v3/toolchain/bin/../lib/gcc/arm-none-eabi/4.8.4/armv6-m\libgcc.a(gedf2.o)
 .debug_frame   0x00001618       0x3c c:/freescale/kds_v3/toolchain/bin/../lib/gcc/arm-none-eabi/4.8.4/armv6-m\libgcc.a(ledf2.o)
 .debug_frame   0x00001654       0x3c c:/freescale/kds_v3/toolchain/bin/../lib/gcc/arm-none-eabi/4.8.4/armv6-m\libgcc.a(muldf3.o)
 .debug_frame   0x00001690       0x3c c:/freescale/kds_v3/toolchain/bin/../lib/gcc/arm-none-eabi/4.8.4/armv6-m\libgcc.a(subdf3.o)
 .debug_frame   0x000016cc       0x2c c:/freescale/kds_v3/toolchain/bin/../lib/gcc/arm-none-eabi/4.8.4/armv6-m\libgcc.a(fixdfsi.o)
 .debug_frame   0x000016f8       0x2c c:/freescale/kds_v3/toolchain/bin/../lib/gcc/arm-none-eabi/4.8.4/armv6-m\libgcc.a(extendsfdf2.o)
 .debug_frame   0x00001724       0x28 c:/freescale/kds_v3/toolchain/bin/../lib/gcc/arm-none-eabi/4.8.4/../../../../arm-none-eabi/lib/armv6-m\libg_s.a(lib_a-exit.o)
 .debug_frame   0x0000174c       0x2c c:/freescale/kds_v3/toolchain/bin/../lib/gcc/arm-none-eabi/4.8.4/../../../../arm-none-eabi/lib/armv6-m\libg_s.a(lib_a-init.o)
 .debug_frame   0x00001778       0x20 c:/freescale/kds_v3/toolchain/bin/../lib/gcc/arm-none-eabi/4.8.4/../../../../arm-none-eabi/lib/armv6-m\libg_s.a(lib_a-memset.o)
 .debug_frame   0x00001798       0x2c c:/freescale/kds_v3/toolchain/bin/../lib/gcc/arm-none-eabi/4.8.4/../../../../arm-none-eabi/lib/armv6-m\libg_s.a(lib_a-nano-mallocr.o)
 .debug_frame   0x000017c4       0x2c c:/freescale/kds_v3/toolchain/bin/../lib/gcc/arm-none-eabi/4.8.4/../../../../arm-none-eabi/lib/armv6-m\libg_s.a(lib_a-sbrkr.o)
 .debug_frame   0x000017f0       0x4c c:/freescale/kds_v3/toolchain/bin/../lib/gcc/arm-none-eabi/4.8.4/../../../../arm-none-eabi/lib/armv6-m\libg_s.a(lib_a-sprintf.o)
 .debug_frame   0x0000183c       0x20 c:/freescale/kds_v3/toolchain/bin/../lib/gcc/arm-none-eabi/4.8.4/../../../../arm-none-eabi/lib/armv6-m\libg_s.a(lib_a-strlen.o)
 .debug_frame   0x0000185c       0x74 c:/freescale/kds_v3/toolchain/bin/../lib/gcc/arm-none-eabi/4.8.4/../../../../arm-none-eabi/lib/armv6-m\libg_s.a(lib_a-svfprintf.o)
 .debug_frame   0x000018d0       0x54 c:/freescale/kds_v3/toolchain/bin/../lib/gcc/arm-none-eabi/4.8.4/../../../../arm-none-eabi/lib/armv6-m\libg_s.a(lib_a-vfprintf_i.o)
 .debug_frame   0x00001924       0x20 c:/freescale/kds_v3/toolchain/bin/../lib/gcc/arm-none-eabi/4.8.4/../../../../arm-none-eabi/lib/armv6-m\libg_s.a(lib_a-memchr-stub.o)
 .debug_frame   0x00001944       0x28 c:/freescale/kds_v3/toolchain/bin/../lib/gcc/arm-none-eabi/4.8.4/../../../../arm-none-eabi/lib/armv6-m\libg_s.a(lib_a-memcpy-stub.o)
 .debug_frame   0x0000196c       0x2c c:/freescale/kds_v3/toolchain/bin/../lib/gcc/arm-none-eabi/4.8.4/../../../../arm-none-eabi/lib/armv6-m\libg_s.a(lib_a-memmove.o)
 .debug_frame   0x00001998       0x2c c:/freescale/kds_v3/toolchain/bin/../lib/gcc/arm-none-eabi/4.8.4/../../../../arm-none-eabi/lib/armv6-m\libg_s.a(lib_a-nano-freer.o)
 .debug_frame   0x000019c4       0x30 c:/freescale/kds_v3/toolchain/bin/../lib/gcc/arm-none-eabi/4.8.4/../../../../arm-none-eabi/lib/armv6-m\libg_s.a(lib_a-nano-reallocr.o)
 .debug_frame   0x000019f4       0x48 c:/freescale/kds_v3/toolchain/bin/../lib/gcc/arm-none-eabi/4.8.4/../../../../arm-none-eabi/lib/armv6-m\libg_s.a(lib_a-reent.o)
 .debug_frame   0x00001a3c       0x20 c:/freescale/kds_v3/toolchain/bin/../lib/gcc/arm-none-eabi/4.8.4/../../../../arm-none-eabi/lib/armv6-m\libg_s.a(lib_a-nano-msizer.o)
 .debug_frame   0x00001a5c       0x20 c:/freescale/kds_v3/toolchain/bin/../lib/gcc/arm-none-eabi/4.8.4/../../../../arm-none-eabi/lib/armv6-m\libnosys.a(sbrk.o)
 .debug_frame   0x00001a7c       0x20 c:/freescale/kds_v3/toolchain/bin/../lib/gcc/arm-none-eabi/4.8.4/../../../../arm-none-eabi/lib/armv6-m\libnosys.a(_exit.o)
